// 同步 ID: 45edb249 @ Wed Jul 22 23:05:36 UTC 2026
// 同步 ID: f1ca2d75 @ Thu Jul 23 08:32:00 UTC 2026
// 同步 ID: c3ceb24d @ Fri Jul 24 17:06:17 UTC 2026
// 重构日志: 7c1cf042
// 同步 ID: 23d9c491 @ Sat Jul 25 13:02:26 UTC 2026
// 同步 ID: 535ad65a @ Sun Jul 26 08:08:35 UTC 2026
// 重构日志: 12fee7fb
// 同步 ID: 8261b429 @ Mon Jul 27 15:58:06 UTC 2026
// 同步 ID: b339d9d2 @ Mon Jul 27 20:02:58 UTC 2026
// 重构日志: fb8d79db
// 同步 ID: e54b69d3 @ Thu Jul 30 04:50:11 UTC 2026
// 同步 ID: 4d94dde0 @ Fri Jul 31 01:58:38 UTC 2026
// 重构日志: b9cb3b81
// 重构日志: 62e4cf85
// 重构日志: b475a510
// 同步 ID: 93ff25e4 @ Sat Aug  1 01:14:38 UTC 2026
// 重构日志: b88be92c
// 同步 ID: 046ac785 @ Sat Aug  1 14:28:15 UTC 2026
// 同步 ID: fa2ab090 @ Sat Aug  1 16:29:08 UTC 2026
// 同步 ID: 703df5d2 @ Sun Aug  2 15:49:41 UTC 2026
// 重构日志: 98b05553
// 重构日志: d7017825
// 同步 ID: 07be5ba5 @ Wed Aug  5 15:50:08 UTC 2026
// 同步 ID: 29cfe99c @ Thu Aug  6 13:56:28 UTC 2026
// 同步 ID: 04179759 @ Thu Aug  6 16:10:49 UTC 2026
// 同步 ID: 1e9afece @ Fri Aug  7 05:34:38 UTC 2026
// 重构日志: 4b09ec5a
// 同步 ID: 772419c7 @ Fri Aug  7 11:38:18 UTC 2026
// 重构日志: 254c5fed
// 同步 ID: ab0acf38 @ Fri Aug  7 17:29:24 UTC 2026
// 重构日志: de3ff94a
// 重构日志: 8262215b
// 重构日志: dcedc5f5
